Microchip MPLAB XC8 Compiler V1.41 ()

Linker command line:

-W-3 --edf=C:\Program Files (x86)\Microchip\xc8\v1.41\dat\en_msgs.txt -cs \
  -h+dist/default/production\Final_Draft.X.production.sym \
  --cmf=dist/default/production\Final_Draft.X.production.cmf -z -Q16F877A \
  -oC:\Users\LENOVO~1\AppData\Local\Temp\sip0.2 \
  -Mdist/default/production/Final_Draft.X.production.map -E1 -ver=XC8 \
  -ASTACK=0110h-016fh -pstack=STACK -ACODE=00h-07FFhx4 -ASTRCODE=00h-01FFFh \
  -ASTRING=00h-0FFhx32 -ACONST=00h-0FFhx32 -AENTRY=00h-0FFhx32 \
  -ACOMMON=070h-07Fh -ABANK0=020h-06Fh -ABANK1=0A0h-0EFh \
  -ABANK2=0110h-016Fh -ABANK3=0190h-01EFh \
  -ARAM=020h-06Fh,0A0h-0EFh,0110h-016Fh,0190h-01EFh \
  -AABS1=020h-07Fh,0A0h-0EFh,0110h-016Fh,0190h-01EFh -ASFR0=00h-01Fh \
  -ASFR1=080h-09Fh -ASFR2=0100h-010Fh -ASFR3=0180h-018Fh \
  -preset_vec=00h,intentry,init,end_init -ppowerup=CODE -pcinit=CODE \
  -pfunctab=CODE -ACONFIG=02007h-02007h -pconfig=CONFIG -DCONFIG=2 \
  -AIDLOC=02000h-02003h -pidloc=IDLOC -DIDLOC=2 -AEEDATA=00h-0FFh/02100h \
  -peeprom_data=EEDATA -DEEDATA=2 -DCODE=2 -DSTRCODE=2 -DSTRING=2 -DCONST=2 \
  -DENTRY=2 -k C:\Users\LENOVO~1\AppData\Local\Temp\sip0.obj \
  dist/default/production\Final_Draft.X.production.obj 

Object code version is 3.11

Machine type is 16F877A



                Name                               Link     Load   Length Selector   Space Scale
C:\Users\LENOVO~1\AppData\Local\Temp\sip0.obj
                end_init                              0        0        3        0       0
                config                             2007     2007        1     400E       0
dist/default/production\Final_Draft.X.production.obj
                cinit                               7DD      7DD       23      FBA       0
                text17                              265      265       62      4CA       0
                text16                               D2       D2       31      1A4       0
                text15                              204      204       61      408       0
                text14                              14E      14E       59      29C       0
                text13                              103      103       4B      206       0
                text12                              329      329       6C      652       0
                text11                              4E5      4E5      109      9CA       0
                text10                              42D      42D       B8      85A       0
                text9                                93       93       1C      126       0
                text8                                5F       5F       19       BE       0
                text7                                78       78       1B       F0       0
                text6                               FAE      FAE       10     1F5C       0
                text5                               FDE      FDE       11     1FBC       0
                text4                               2C7      2C7       62      58E       0
                text3                                AF       AF       23      15E       0
                text2                               1A7      1A7       5D      34E       0
                text1                               395      395       98      72A       0
                maintext                            5EE      5EE      1EF      BDC       0
                cstackBANK0                          20       20       2E       20       1
                cstackCOMMON                         70       70        D       70       1
                inittext                            FEF      FEF       11     1FDE       0
                dataBANK1                            A0       A0       10       A0       1
                dataBANK0                            4E       4E       10       20       1
                bssBANK0                             5E       5E        5       20       1
                bssCOMMON                            7D       7D        1       70       1
                strings                               3        3       4E        6       0
                idataBANK1                          FBE      FBE       10     1F7C       0
                idataBANK0                          FCE      FCE       10     1F9C       0

TOTAL           Name                               Link     Load   Length     Space
        CLASS   STACK          

        CLASS   CODE           
                end_init                              0        0        3         0
                cinit                               7DD      7DD       23         0
                text17                              265      265       62         0
                text16                               D2       D2       31         0
                text15                              204      204       61         0
                text14                              14E      14E       59         0
                text13                              103      103       4B         0
                text12                              329      329       6C         0
                text11                              4E5      4E5      109         0
                text10                              42D      42D       B8         0
                text9                                93       93       1C         0
                text8                                5F       5F       19         0
                text7                                78       78       1B         0
                text6                               FAE      FAE       10         0
                text5                               FDE      FDE       11         0
                text4                               2C7      2C7       62         0
                text3                                AF       AF       23         0
                text2                               1A7      1A7       5D         0
                text1                               395      395       98         0
                maintext                            5EE      5EE      1EF         0
                inittext                            FEF      FEF       11         0
                idataBANK1                          FBE      FBE       10         0
                idataBANK0                          FCE      FCE       10         0

        CLASS   STRCODE        

        CLASS   STRING         
                strings                               3        3       4E         0

        CLASS   CONST          

        CLASS   ENTRY          

        CLASS   COMMON         
                cstackCOMMON                         70       70        D         1
                bssCOMMON                            7D       7D        1         1

        CLASS   BANK0          
                cstackBANK0                          20       20       2E         1
                dataBANK0                            4E       4E       10         1
                bssBANK0                             5E       5E        5         1

        CLASS   BANK1          
                dataBANK1                            A0       A0       10         1

        CLASS   BANK2          

        CLASS   BANK3          

        CLASS   RAM            

        CLASS   ABS1           
                abs_s1                               7E       7E        2         1

        CLASS   SFR0           

        CLASS   SFR1           

        CLASS   SFR2           

        CLASS   SFR3           

        CLASS   CONFIG         
                config                             2007     2007        1         0

        CLASS   IDLOC          

        CLASS   EEDATA         



SEGMENTS        Name                           Load    Length   Top    Selector   Space  Class     Delta

                reset_vec                      000000  000003  000003         0       0  CODE        2
                strings                        000003  00004E  000051         6       0  STRING      2
                cstackBANK0                    000020  000043  000063        20       1  BANK0       1
                cstackCOMMON                   000070  00000E  00007E        70       1  COMMON      1
                dataBANK1                      0000A0  000010  0000B0        A0       1  BANK1       1
                text8                          00005F  000019  000078        BE       0  CODE        2
                text7                          000078  00001B  000093        F0       0  CODE        2
                text9                          000093  00001C  0000AF       126       0  CODE        2
                text3                          0000AF  000023  0000D2       15E       0  CODE        2
                text16                         0000D2  000031  000103       1A4       0  CODE        2
                text13                         000103  00004B  00014E       206       0  CODE        2
                text14                         00014E  000059  0001A7       29C       0  CODE        2
                text2                          0001A7  00005D  000204       34E       0  CODE        2
                text15                         000204  000061  000265       408       0  CODE        2
                text17                         000265  000062  0002C7       4CA       0  CODE        2
                text4                          0002C7  000062  000329       58E       0  CODE        2
                text12                         000329  00006C  000395       652       0  CODE        2
                text1                          000395  000098  00042D       72A       0  CODE        2
                text10                         00042D  0000B8  0004E5       85A       0  CODE        2
                text11                         0004E5  000109  0005EE       9CA       0  CODE        2
                maintext                       0005EE  0001EF  0007DD       BDC       0  CODE        2
                cinit                          0007DD  000023  000800       FBA       0  CODE        2
                text6                          000FAE  000010  000FBE      1F5C       0  CODE        2
                idataBANK1                     000FBE  000010  000FCE      1F7C       0  CODE        2
                idataBANK0                     000FCE  000010  000FDE      1F9C       0  CODE        2
                text5                          000FDE  000011  000FEF      1FBC       0  CODE        2
                inittext                       000FEF  000011  001000      1FDE       0  CODE        2
                config                         002007  000001  002008      400E       0  CONFIG      2


UNUSED ADDRESS RANGES

        Name                Unused          Largest block    Delta
        BANK0            0063-006F              D           1
        BANK1            00B0-00EF             40           1
        BANK2            0110-016F             60           1
        BANK3            0190-01EF             60           1
        CODE             0051-005E              E           2
                         0800-0FAD            7AE
                         1000-1FFF            800
        CONST            0051-005E              E           2
                         0800-0FAD            100
                         1000-1FFF            100
        EEDATA           2100-21FF            100           2
        ENTRY            0051-005E              E           2
                         0800-0FAD            100
                         1000-1FFF            100
        IDLOC            2000-2003              4           2
        RAM              0063-006F              D           1
                         00B0-00EF             40
                         0110-016F             60
                         0190-01EF             60
        SFR0             0000-001F             20           1
        SFR1             0080-009F             20           1
        SFR2             0100-010F             10           1
        SFR3             0180-018F             10           1
        STACK            0110-016F             60           1
        STRCODE          0051-005E              E           2
                         0800-0FAD            7AE
                         1000-1FFF           1000
        STRING           0051-005E              E           2
                         0800-0FAD            100
                         1000-1FFF            100

                                  Symbol Table

?___awdiv                cstackCOMMON 0070
?___awmod                cstackCOMMON 0070
?___ftadd                cstackBANK0  0034
?___ftdiv                cstackBANK0  0024
?___ftpack               cstackCOMMON 0070
?___lbtoft               cstackCOMMON 0078
LCD_Char@data            cstackCOMMON 0071
LCD_Command@cmd          cstackCOMMON 0071
LCD_SetCursor@address    cstackCOMMON 0075
LCD_SetCursor@col        cstackCOMMON 0072
LCD_SetCursor@row        cstackCOMMON 0074
LCD_String@str           cstackCOMMON 0072
Read_Data@_data          cstackCOMMON 0072
Read_Data@i              cstackCOMMON 0074
Read_Data@k              cstackCOMMON 0073
_CheckSum                bssBANK0     005E
_LCD_Char                text4        02C7
_LCD_Clear               text6        0FAE
_LCD_Command             text17       0265
_LCD_Init                text16       00D2
_LCD_SetCursor           text5        0FDE
_LCD_String              text3        00AF
_RB4                     (abs)        0034
_RC4                     (abs)        003C
_RC5                     (abs)        003D
_RC6                     (abs)        003E
_RC7                     (abs)        003F
_RD0                     (abs)        0040
_RD1                     (abs)        0041
_RD2                     (abs)        0042
_RD3                     (abs)        0043
_RD4                     (abs)        0044
_RD5                     (abs)        0045
_RD6                     (abs)        0046
_RH_byte1                bssBANK0     0060
_RH_byte2                bssBANK0     005F
_Read_Data               text15       0204
_TRISB4                  (abs)        0434
_TRISC4                  (abs)        043C
_TRISC5                  (abs)        043D
_TRISC6                  (abs)        043E
_TRISC7                  (abs)        043F
_TRISD                   (abs)        0088
_T_byte1                 bssBANK0     0062
_T_byte2                 bssBANK0     0061
_Time_out                bssCOMMON    007D
__CFG_BOREN$OFF          (abs)        0000
__CFG_CP$OFF             (abs)        0000
__CFG_CPD$OFF            (abs)        0000
__CFG_FOSC$HS            (abs)        0000
__CFG_LVP$OFF            (abs)        0000
__CFG_PWRTE$OFF          (abs)        0000
__CFG_WDTE$OFF           (abs)        0000
__CFG_WRT$OFF            (abs)        0000
__Habs1                  abs1         0000
__Hbank0                 bank0        0000
__Hbank1                 bank1        0000
__Hbank2                 bank2        0000
__Hbank3                 bank3        0000
__HbssBANK0              bssBANK0     0000
__HbssCOMMON             bssCOMMON    0000
__Hcinit                 cinit        0800
__Hclrtext               clrtext      0000
__Hcode                  code         0000
__Hcommon                common       0000
__Hconfig                config       2008
__HcstackBANK0           cstackBANK0  0000
__HcstackCOMMON          cstackCOMMON 0000
__HdataBANK0             dataBANK0    0000
__HdataBANK1             dataBANK1    0000
__Heeprom_data           eeprom_data  0000
__Hend_init              end_init     0003
__Hfunctab               functab      0000
__HidataBANK0            idataBANK0   0000
__HidataBANK1            idataBANK1   0000
__Hidloc                 idloc        0000
__Hinit                  init         0000
__Hinittext              inittext     0000
__Hintentry              intentry     0000
__Hmaintext              maintext     0000
__Hpowerup               powerup      0000
__Hram                   ram          0000
__Hreset_vec             reset_vec    0000
__Hsfr0                  sfr0         0000
__Hsfr1                  sfr1         0000
__Hsfr2                  sfr2         0000
__Hsfr3                  sfr3         0000
__Hspace_0               (abs)        2008
__Hspace_1               (abs)        00B0
__Hspace_2               (abs)        0000
__Hspace_3               (abs)        0000
__Hstack                 stack        0000
__Hstrings               strings      0000
__Htext                  text         0000
__Labs1                  abs1         0000
__Lbank0                 bank0        0000
__Lbank1                 bank1        0000
__Lbank2                 bank2        0000
__Lbank3                 bank3        0000
__LbssBANK0              bssBANK0     0000
__LbssCOMMON             bssCOMMON    0000
__Lcinit                 cinit        07DD
__Lclrtext               clrtext      0000
__Lcode                  code         0000
__Lcommon                common       0000
__Lconfig                config       2007
__LcstackBANK0           cstackBANK0  0000
__LcstackCOMMON          cstackCOMMON 0000
__LdataBANK0             dataBANK0    0000
__LdataBANK1             dataBANK1    0000
__Leeprom_data           eeprom_data  0000
__Lend_init              end_init     0000
__Lfunctab               functab      0000
__LidataBANK0            idataBANK0   0000
__LidataBANK1            idataBANK1   0000
__Lidloc                 idloc        0000
__Linit                  init         0000
__Linittext              inittext     0000
__Lintentry              intentry     0000
__Lmaintext              maintext     0000
__Lpowerup               powerup      0000
__Lram                   ram          0000
__Lreset_vec             reset_vec    0000
__Lsfr0                  sfr0         0000
__Lsfr1                  sfr1         0000
__Lsfr2                  sfr2         0000
__Lsfr3                  sfr3         0000
__Lspace_0               (abs)        0000
__Lspace_1               (abs)        0000
__Lspace_2               (abs)        0000
__Lspace_3               (abs)        0000
__Lstack                 stack        0000
__Lstrings               strings      0000
__Ltext                  text         0000
__S0                     (abs)        2008
__S1                     (abs)        00B0
__S2                     (abs)        0000
__S3                     (abs)        0000
___awdiv                 text14       014E
___awdiv@counter         cstackCOMMON 0075
___awdiv@dividend        cstackCOMMON 0072
___awdiv@divisor         cstackCOMMON 0070
___awdiv@quotient        cstackCOMMON 0077
___awdiv@sign            cstackCOMMON 0076
___awmod                 text13       0103
___awmod@counter         cstackCOMMON 0075
___awmod@dividend        cstackCOMMON 0072
___awmod@divisor         cstackCOMMON 0070
___awmod@sign            cstackCOMMON 0076
___ftadd                 text11       04E5
___ftadd@exp1            cstackBANK0  0040
___ftadd@exp2            cstackBANK0  003F
___ftadd@f1              cstackBANK0  0034
___ftadd@f2              cstackBANK0  0037
___ftadd@sign            cstackBANK0  003E
___ftdiv                 text10       042D
___ftdiv@cntr            cstackBANK0  002E
___ftdiv@exp             cstackBANK0  0032
___ftdiv@f1              cstackBANK0  0027
___ftdiv@f2              cstackBANK0  0024
___ftdiv@f3              cstackBANK0  002F
___ftdiv@sign            cstackBANK0  0033
___ftge                  text2        01A7
___ftge@ff1              cstackCOMMON 0070
___ftge@ff2              cstackCOMMON 0073
___ftpack                text12       0329
___ftpack@arg            cstackCOMMON 0070
___ftpack@exp            cstackCOMMON 0073
___ftpack@sign           cstackCOMMON 0074
___int_sp                stack        0000
___latbits               (abs)        0002
___lbtoft                text9        0093
___lbtoft@c              cstackCOMMON 007B
___sp                    stack        0000
__end_of_LCD_Char        text4        0329
__end_of_LCD_Clear       text6        0FBE
__end_of_LCD_Command     text17       02C7
__end_of_LCD_Init        text16       0103
__end_of_LCD_SetCursor   text5        0FEF
__end_of_LCD_String      text3        00D2
__end_of_Read_Data       text15       0265
__end_of___awdiv         text14       01A7
__end_of___awmod         text13       014E
__end_of___ftadd         text11       05EE
__end_of___ftdiv         text10       04E5
__end_of___ftge          text2        0204
__end_of___ftpack        text12       0395
__end_of___lbtoft        text9        00AF
__end_of__initialization cinit        07FC
__end_of__stringtab      strings      0013
__end_of_check_response  text8        0078
__end_of_main            maintext     07DD
__end_of_start_signal    text7        0093
__end_of_update_leds     text1        042D
__initialization         cinit        07DD
__pbssBANK0              bssBANK0     005E
__pbssCOMMON             bssCOMMON    007D
__pcstackBANK0           cstackBANK0  0020
__pcstackCOMMON          cstackCOMMON 0070
__pdataBANK0             dataBANK0    004E
__pdataBANK1             dataBANK1    00A0
__pidataBANK0            idataBANK0   0FCE
__pidataBANK1            idataBANK1   0FBE
__pmaintext              maintext     05EE
__pstrings               strings      0003
__ptext1                 text1        0395
__ptext10                text10       042D
__ptext11                text11       04E5
__ptext12                text12       0329
__ptext13                text13       0103
__ptext14                text14       014E
__ptext15                text15       0204
__ptext16                text16       00D2
__ptext17                text17       0265
__ptext2                 text2        01A7
__ptext3                 text3        00AF
__ptext4                 text4        02C7
__ptext5                 text5        0FDE
__ptext6                 text6        0FAE
__ptext7                 text7        0078
__ptext8                 text8        005F
__ptext9                 text9        0093
__size_of_LCD_Char       (abs)        0000
__size_of_LCD_Clear      (abs)        0000
__size_of_LCD_Command    (abs)        0000
__size_of_LCD_Init       (abs)        0000
__size_of_LCD_SetCursor  (abs)        0000
__size_of_LCD_String     (abs)        0000
__size_of_Read_Data      (abs)        0000
__size_of___awdiv        (abs)        0000
__size_of___awmod        (abs)        0000
__size_of___ftadd        (abs)        0000
__size_of___ftdiv        (abs)        0000
__size_of___ftge         (abs)        0000
__size_of___ftpack       (abs)        0000
__size_of___lbtoft       (abs)        0000
__size_of_check_response (abs)        0000
__size_of_main           (abs)        0000
__size_of_start_signal   (abs)        0000
__size_of_update_leds    (abs)        0000
__stringbase             strings      0012
__stringtab              strings      0003
_check_response          text8        005F
_main                    maintext     05EE
_message1                dataBANK0    004E
_message2                dataBANK1    00A0
_start_signal            text7        0078
_update_leds             text1        0395
btemp                    (abs)        007E
end_of_initialization    cinit        07FC
init_fetch0              inittext     0FEF
init_ram0                inittext     0FF3
intlevel0                functab      0000
intlevel1                functab      0000
intlevel2                functab      0000
intlevel3                functab      0000
intlevel4                functab      0000
intlevel5                functab      0000
main@temperature         cstackBANK0  004B
reset_vec                reset_vec    0000
stackhi                  (abs)        0000
stacklo                  (abs)        0000
start                    init         0000
start_initialization     cinit        07DD
update_leds@temperature  cstackBANK0  0020
wtemp0                   (abs)        007E


FUNCTION INFORMATION:

 *************** function _main *****************
 Defined at:
		line 132 in file "newmain.c"
 Parameters:    Size  Location     Type
		None
 Auto vars:     Size  Location     Type
  temperature     3   43[BANK0 ] float 
 Return value:  Size  Location     Type
                  1    wreg      void 
 Registers used:
		wreg, fsr0l, fsr0h, status,2, status,0, btemp+1, pclath, cstack
 Tracked objects:
		On entry : 
		On exit  : 
		Unchanged: 
 Data sizes:     COMMON   BANK0   BANK1   BANK3   BANK2
      Params:         0       0       0       0       0
      Locals:         0       3       0       0       0
      Temps:          0      10       0       0       0
      Totals:         0      13       0       0       0
Total ram usage:       13 bytes
 Hardware stack levels required when called:    3
 This function calls:
		_LCD_Clear
		_LCD_Init
		_LCD_SetCursor
		_LCD_String
		_Read_Data
		___awdiv
		___awmod
		___ftadd
		___ftdiv
		___lbtoft
		_check_response
		_start_signal
		_update_leds
 This function is called by:
		Startup code after reset
 This function uses a non-reentrant model


 *************** function _update_leds *****************
 Defined at:
		line 101 in file "newmain.c"
 Parameters:    Size  Location     Type
  temperature     3    0[BANK0 ] float 
 Auto vars:     Size  Location     Type
		None
 Return value:  Size  Location     Type
                  1    wreg      void 
 Registers used:
		wreg, fsr0l, fsr0h, status,2, status,0, btemp+1, pclath, cstack
 Tracked objects:
		On entry : 
		On exit  : 
		Unchanged: 
 Data sizes:     COMMON   BANK0   BANK1   BANK3   BANK2
      Params:         0       3       0       0       0
      Locals:         0       0       0       0       0
      Temps:          1       0       0       0       0
      Totals:         1       3       0       0       0
Total ram usage:        4 bytes
 Hardware stack levels used:    1
 Hardware stack levels required when called:    2
 This function calls:
		_LCD_Clear
		_LCD_SetCursor
		_LCD_String
		___ftge
 This function is called by:
		_main
 This function uses a non-reentrant model


 *************** function ___ftge *****************
 Defined at:
		line 4 in file "C:\Program Files (x86)\Microchip\xc8\v1.41\sources\common\ftge.c"
 Parameters:    Size  Location     Type
  ff1             3    0[COMMON] float 
  ff2             3    3[COMMON] float 
 Auto vars:     Size  Location     Type
		None
 Return value:  Size  Location     Type
		None               void
 Registers used:
		wreg, status,2, status,0
 Tracked objects:
		On entry : 
		On exit  : 
		Unchanged: 
 Data sizes:     COMMON   BANK0   BANK1   BANK3   BANK2
      Params:         6       0       0       0       0
      Locals:         0       0       0       0       0
      Temps:          6       0       0       0       0
      Totals:        12       0       0       0       0
Total ram usage:       12 bytes
 Hardware stack levels used:    1
 This function calls:
		Nothing
 This function is called by:
		_update_leds
 This function uses a non-reentrant model


 *************** function _LCD_String *****************
 Defined at:
		line 63 in file "lcd.c"
 Parameters:    Size  Location     Type
  str             2    2[COMMON] PTR const unsigned char 
		 -> STR_5(16), STR_4(12), STR_3(16), message2(16), 
		 -> message1(16), STR_2(10), STR_1(8), 
 Auto vars:     Size  Location     Type
		None
 Return value:  Size  Location     Type
                  1    wreg      void 
 Registers used:
		wreg, fsr0l, fsr0h, status,2, status,0, btemp+1, pclath, cstack
 Tracked objects:
		On entry : 
		On exit  : 
		Unchanged: 
 Data sizes:     COMMON   BANK0   BANK1   BANK3   BANK2
      Params:         2       0       0       0       0
      Locals:         0       0       0       0       0
      Temps:          0       0       0       0       0
      Totals:         2       0       0       0       0
Total ram usage:        2 bytes
 Hardware stack levels used:    1
 Hardware stack levels required when called:    1
 This function calls:
		_LCD_Char
 This function is called by:
		_update_leds
		_main
 This function uses a non-reentrant model


 *************** function _LCD_Char *****************
 Defined at:
		line 35 in file "lcd.c"
 Parameters:    Size  Location     Type
  data            1    wreg     unsigned char 
 Auto vars:     Size  Location     Type
  data            1    1[COMMON] unsigned char 
 Return value:  Size  Location     Type
                  1    wreg      void 
 Registers used:
		wreg
 Tracked objects:
		On entry : 
		On exit  : 
		Unchanged: 
 Data sizes:     COMMON   BANK0   BANK1   BANK3   BANK2
      Params:         0       0       0       0       0
      Locals:         1       0       0       0       0
      Temps:          1       0       0       0       0
      Totals:         2       0       0       0       0
Total ram usage:        2 bytes
 Hardware stack levels used:    1
 This function calls:
		Nothing
 This function is called by:
		_LCD_String
 This function uses a non-reentrant model


 *************** function _LCD_SetCursor *****************
 Defined at:
		line 83 in file "lcd.c"
 Parameters:    Size  Location     Type
  row             1    wreg     unsigned char 
  col             1    2[COMMON] unsigned char 
 Auto vars:     Size  Location     Type
  row             1    4[COMMON] unsigned char 
  address         1    5[COMMON] unsigned char 
 Return value:  Size  Location     Type
                  1    wreg      void 
 Registers used:
		wreg, status,2, status,0, pclath, cstack
 Tracked objects:
		On entry : 
		On exit  : 
		Unchanged: 
 Data sizes:     COMMON   BANK0   BANK1   BANK3   BANK2
      Params:         1       0       0       0       0
      Locals:         2       0       0       0       0
      Temps:          1       0       0       0       0
      Totals:         4       0       0       0       0
Total ram usage:        4 bytes
 Hardware stack levels used:    1
 Hardware stack levels required when called:    1
 This function calls:
		_LCD_Command
 This function is called by:
		_update_leds
		_main
 This function uses a non-reentrant model


 *************** function _LCD_Clear *****************
 Defined at:
		line 93 in file "lcd.c"
 Parameters:    Size  Location     Type
		None
 Auto vars:     Size  Location     Type
		None
 Return value:  Size  Location     Type
                  1    wreg      void 
 Registers used:
		wreg, status,2, status,0, pclath, cstack
 Tracked objects:
		On entry : 
		On exit  : 
		Unchanged: 
 Data sizes:     COMMON   BANK0   BANK1   BANK3   BANK2
      Params:         0       0       0       0       0
      Locals:         0       0       0       0       0
      Temps:          2       0       0       0       0
      Totals:         2       0       0       0       0
Total ram usage:        2 bytes
 Hardware stack levels used:    1
 Hardware stack levels required when called:    1
 This function calls:
		_LCD_Command
 This function is called by:
		_update_leds
		_main
 This function uses a non-reentrant model


 *************** function _start_signal *****************
 Defined at:
		line 43 in file "newmain.c"
 Parameters:    Size  Location     Type
		None
 Auto vars:     Size  Location     Type
		None
 Return value:  Size  Location     Type
                  1    wreg      void 
 Registers used:
		wreg
 Tracked objects:
		On entry : 
		On exit  : 
		Unchanged: 
 Data sizes:     COMMON   BANK0   BANK1   BANK3   BANK2
      Params:         0       0       0       0       0
      Locals:         0       0       0       0       0
      Temps:          2       0       0       0       0
      Totals:         2       0       0       0       0
Total ram usage:        2 bytes
 Hardware stack levels used:    1
 This function calls:
		Nothing
 This function is called by:
		_main
 This function uses a non-reentrant model


 *************** function _check_response *****************
 Defined at:
		line 53 in file "newmain.c"
 Parameters:    Size  Location     Type
		None
 Auto vars:     Size  Location     Type
		None
 Return value:  Size  Location     Type
                  1    wreg      unsigned char 
 Registers used:
		wreg
 Tracked objects:
		On entry : 
		On exit  : 
		Unchanged: 
 Data sizes:     COMMON   BANK0   BANK1   BANK3   BANK2
      Params:         0       0       0       0       0
      Locals:         0       0       0       0       0
      Temps:          1       0       0       0       0
      Totals:         1       0       0       0       0
Total ram usage:        1 bytes
 Hardware stack levels used:    1
 This function calls:
		Nothing
 This function is called by:
		_main
 This function uses a non-reentrant model


 *************** function ___lbtoft *****************
 Defined at:
		line 27 in file "C:\Program Files (x86)\Microchip\xc8\v1.41\sources\common\lbtoft.c"
 Parameters:    Size  Location     Type
  c               1    wreg     unsigned char 
 Auto vars:     Size  Location     Type
  c               1   11[COMMON] unsigned char 
 Return value:  Size  Location     Type
                  3    8[COMMON] float 
 Registers used:
		wreg, status,2, status,0, pclath, cstack
 Tracked objects:
		On entry : 
		On exit  : 
		Unchanged: 
 Data sizes:     COMMON   BANK0   BANK1   BANK3   BANK2
      Params:         3       0       0       0       0
      Locals:         1       0       0       0       0
      Temps:          0       4       0       0       0
      Totals:         4       4       0       0       0
Total ram usage:        8 bytes
 Hardware stack levels used:    1
 Hardware stack levels required when called:    1
 This function calls:
		___ftpack
 This function is called by:
		_main
 This function uses a non-reentrant model


 *************** function ___ftdiv *****************
 Defined at:
		line 56 in file "C:\Program Files (x86)\Microchip\xc8\v1.41\sources\common\ftdiv.c"
 Parameters:    Size  Location     Type
  f2              3    4[BANK0 ] float 
  f1              3    7[BANK0 ] float 
 Auto vars:     Size  Location     Type
  f3              3   15[BANK0 ] float 
  sign            1   19[BANK0 ] unsigned char 
  exp             1   18[BANK0 ] unsigned char 
  cntr            1   14[BANK0 ] unsigned char 
 Return value:  Size  Location     Type
                  3    4[BANK0 ] float 
 Registers used:
		wreg, status,2, status,0, pclath, cstack
 Tracked objects:
		On entry : 
		On exit  : 
		Unchanged: 
 Data sizes:     COMMON   BANK0   BANK1   BANK3   BANK2
      Params:         0       6       0       0       0
      Locals:         0       6       0       0       0
      Temps:          0       4       0       0       0
      Totals:         0      16       0       0       0
Total ram usage:       16 bytes
 Hardware stack levels used:    1
 Hardware stack levels required when called:    1
 This function calls:
		___ftpack
 This function is called by:
		_main
 This function uses a non-reentrant model


 *************** function ___ftadd *****************
 Defined at:
		line 86 in file "C:\Program Files (x86)\Microchip\xc8\v1.41\sources\common\ftadd.c"
 Parameters:    Size  Location     Type
  f1              3   20[BANK0 ] float 
  f2              3   23[BANK0 ] float 
 Auto vars:     Size  Location     Type
  exp1            1   32[BANK0 ] unsigned char 
  exp2            1   31[BANK0 ] unsigned char 
  sign            1   30[BANK0 ] unsigned char 
 Return value:  Size  Location     Type
                  3   20[BANK0 ] float 
 Registers used:
		wreg, status,2, status,0, pclath, cstack
 Tracked objects:
		On entry : 
		On exit  : 
		Unchanged: 
 Data sizes:     COMMON   BANK0   BANK1   BANK3   BANK2
      Params:         0       6       0       0       0
      Locals:         0       3       0       0       0
      Temps:          0       4       0       0       0
      Totals:         0      13       0       0       0
Total ram usage:       13 bytes
 Hardware stack levels used:    1
 Hardware stack levels required when called:    1
 This function calls:
		___ftpack
 This function is called by:
		_main
 This function uses a non-reentrant model


 *************** function ___ftpack *****************
 Defined at:
		line 62 in file "C:\Program Files (x86)\Microchip\xc8\v1.41\sources\common\float.c"
 Parameters:    Size  Location     Type
  arg             3    0[COMMON] unsigned um
  exp             1    3[COMMON] unsigned char 
  sign            1    4[COMMON] unsigned char 
 Auto vars:     Size  Location     Type
		None
 Return value:  Size  Location     Type
                  3    0[COMMON] float 
 Registers used:
		wreg, status,2, status,0
 Tracked objects:
		On entry : 
		On exit  : 
		Unchanged: 
 Data sizes:     COMMON   BANK0   BANK1   BANK3   BANK2
      Params:         5       0       0       0       0
      Locals:         0       0       0       0       0
      Temps:          3       0       0       0       0
      Totals:         8       0       0       0       0
Total ram usage:        8 bytes
 Hardware stack levels used:    1
 This function calls:
		Nothing
 This function is called by:
		___ftadd
		___ftdiv
		___lbtoft
 This function uses a non-reentrant model


 *************** function ___awmod *****************
 Defined at:
		line 6 in file "C:\Program Files (x86)\Microchip\xc8\v1.41\sources\common\awmod.c"
 Parameters:    Size  Location     Type
  divisor         2    0[COMMON] int 
  dividend        2    2[COMMON] int 
 Auto vars:     Size  Location     Type
  sign            1    6[COMMON] unsigned char 
  counter         1    5[COMMON] unsigned char 
 Return value:  Size  Location     Type
                  2    0[COMMON] int 
 Registers used:
		wreg, status,2, status,0
 Tracked objects:
		On entry : 
		On exit  : 
		Unchanged: 
 Data sizes:     COMMON   BANK0   BANK1   BANK3   BANK2
      Params:         4       0       0       0       0
      Locals:         2       0       0       0       0
      Temps:          1       0       0       0       0
      Totals:         7       0       0       0       0
Total ram usage:        7 bytes
 Hardware stack levels used:    1
 This function calls:
		Nothing
 This function is called by:
		_main
 This function uses a non-reentrant model


 *************** function ___awdiv *****************
 Defined at:
		line 6 in file "C:\Program Files (x86)\Microchip\xc8\v1.41\sources\common\awdiv.c"
 Parameters:    Size  Location     Type
  divisor         2    0[COMMON] int 
  dividend        2    2[COMMON] int 
 Auto vars:     Size  Location     Type
  quotient        2    7[COMMON] int 
  sign            1    6[COMMON] unsigned char 
  counter         1    5[COMMON] unsigned char 
 Return value:  Size  Location     Type
                  2    0[COMMON] int 
 Registers used:
		wreg, status,2, status,0
 Tracked objects:
		On entry : 
		On exit  : 
		Unchanged: 
 Data sizes:     COMMON   BANK0   BANK1   BANK3   BANK2
      Params:         4       0       0       0       0
      Locals:         4       0       0       0       0
      Temps:          1       0       0       0       0
      Totals:         9       0       0       0       0
Total ram usage:        9 bytes
 Hardware stack levels used:    1
 This function calls:
		Nothing
 This function is called by:
		_main
 This function uses a non-reentrant model


 *************** function _Read_Data *****************
 Defined at:
		line 66 in file "newmain.c"
 Parameters:    Size  Location     Type
		None
 Auto vars:     Size  Location     Type
  i               1    4[COMMON] unsigned char 
  k               1    3[COMMON] unsigned char 
  _data           1    2[COMMON] unsigned char 
 Return value:  Size  Location     Type
                  1    wreg      unsigned char 
 Registers used:
		wreg, status,2, status,0
 Tracked objects:
		On entry : 
		On exit  : 
		Unchanged: 
 Data sizes:     COMMON   BANK0   BANK1   BANK3   BANK2
      Params:         0       0       0       0       0
      Locals:         3       0       0       0       0
      Temps:          2       0       0       0       0
      Totals:         5       0       0       0       0
Total ram usage:        5 bytes
 Hardware stack levels used:    1
 This function calls:
		Nothing
 This function is called by:
		_main
 This function uses a non-reentrant model


 *************** function _LCD_Init *****************
 Defined at:
		line 70 in file "lcd.c"
 Parameters:    Size  Location     Type
		None
 Auto vars:     Size  Location     Type
		None
 Return value:  Size  Location     Type
                  1    wreg      void 
 Registers used:
		wreg, status,2, status,0, pclath, cstack
 Tracked objects:
		On entry : 
		On exit  : 
		Unchanged: 
 Data sizes:     COMMON   BANK0   BANK1   BANK3   BANK2
      Params:         0       0       0       0       0
      Locals:         0       0       0       0       0
      Temps:          2       0       0       0       0
      Totals:         2       0       0       0       0
Total ram usage:        2 bytes
 Hardware stack levels used:    1
 Hardware stack levels required when called:    1
 This function calls:
		_LCD_Command
 This function is called by:
		_main
 This function uses a non-reentrant model


 *************** function _LCD_Command *****************
 Defined at:
		line 7 in file "lcd.c"
 Parameters:    Size  Location     Type
  cmd             1    wreg     unsigned char 
 Auto vars:     Size  Location     Type
  cmd             1    1[COMMON] unsigned char 
 Return value:  Size  Location     Type
                  1    wreg      void 
 Registers used:
		wreg
 Tracked objects:
		On entry : 
		On exit  : 
		Unchanged: 
 Data sizes:     COMMON   BANK0   BANK1   BANK3   BANK2
      Params:         0       0       0       0       0
      Locals:         1       0       0       0       0
      Temps:          1       0       0       0       0
      Totals:         2       0       0       0       0
Total ram usage:        2 bytes
 Hardware stack levels used:    1
 This function calls:
		Nothing
 This function is called by:
		_LCD_Init
		_LCD_SetCursor
		_LCD_Clear
 This function uses a non-reentrant model



MODULE INFORMATION

Module		Function		Class		Link	Load	Size
C:\Program Files (x86)\Microchip\xc8\v1.41\sources\common\awdiv.c
		___awdiv       		CODE           	014E	0000	90

C:\Program Files (x86)\Microchip\xc8\v1.41\sources\common\awdiv.c estimated size: 90

C:\Program Files (x86)\Microchip\xc8\v1.41\sources\common\ftadd.c
		___ftadd       		CODE           	04E5	0000	266

C:\Program Files (x86)\Microchip\xc8\v1.41\sources\common\ftadd.c estimated size: 266

C:\Program Files (x86)\Microchip\xc8\v1.41\sources\common\ftge.c
		___ftge        		CODE           	01A7	0000	94

C:\Program Files (x86)\Microchip\xc8\v1.41\sources\common\ftge.c estimated size: 94

newmain.c
		_check_response		CODE           	005F	0000	26
		_main          		CODE           	05EE	0000	496
		_Read_Data     		CODE           	0204	0000	98
		_update_leds   		CODE           	0395	0000	153
		_start_signal  		CODE           	0078	0000	28

newmain.c estimated size: 801

C:\Program Files (x86)\Microchip\xc8\v1.41\sources\common\float.c
		___ftpack      		CODE           	0329	0000	109

C:\Program Files (x86)\Microchip\xc8\v1.41\sources\common\float.c estimated size: 109

shared
		__stringtab    		STRING         	0003	0000	17
		__initialization		CODE           	07DD	0000	32

shared estimated size: 49

C:\Program Files (x86)\Microchip\xc8\v1.41\sources\common\awmod.c
		___awmod       		CODE           	0103	0000	76

C:\Program Files (x86)\Microchip\xc8\v1.41\sources\common\awmod.c estimated size: 76

C:\Program Files (x86)\Microchip\xc8\v1.41\sources\common\lbtoft.c
		___lbtoft      		CODE           	0093	0000	29

C:\Program Files (x86)\Microchip\xc8\v1.41\sources\common\lbtoft.c estimated size: 29

lcd.c
		_LCD_String    		CODE           	00AF	0000	36
		_LCD_Init      		CODE           	00D2	0000	50
		_LCD_Command   		CODE           	0265	0000	99
		_LCD_SetCursor 		CODE           	0FDE	0000	18
		_LCD_Char      		CODE           	02C7	0000	99
		_LCD_Clear     		CODE           	0FAE	0000	17

lcd.c estimated size: 319

C:\Program Files (x86)\Microchip\xc8\v1.41\sources\common\ftdiv.c
		___ftdiv       		CODE           	042D	0000	185

C:\Program Files (x86)\Microchip\xc8\v1.41\sources\common\ftdiv.c estimated size: 185

